
> react-example@0.0.0 build
> next build

   ▲ Next.js 15.5.23
   - Environments: .env.local

   Creating an optimized production build ...
 ✓ Compiled successfully in 4.1s
   Linting and checking validity of types ...
   Collecting page data ...
   Generating static pages (0/13) ...
   Generating static pages (3/13) 
   Generating static pages (6/13) 
   Generating static pages (9/13) 
 ✓ Generating static pages (13/13)
   Finalizing page optimization ...
   Collecting build traces ...

Route (app)                                 Size  First Load JS
┌ ○ /                                    61.3 kB         164 kB
├ ○ /_not-found                            999 B         104 kB
├ ƒ /api/cart                              684 B         103 kB
├ ƒ /api/cart/clear                        684 B         103 kB
├ ƒ /api/cart/items/add                    684 B         103 kB
├ ƒ /api/cart/items/quantity               684 B         103 kB
├ ƒ /api/cart/items/remove                 684 B         103 kB
├ ƒ /api/checkout                          132 B         103 kB
├ ƒ /api/image/[...path]                   132 B         103 kB
├ ƒ /api/products                          132 B         103 kB
└ ƒ /api/testimonials                      132 B         103 kB
+ First Load JS shared by all             103 kB
  ├ chunks/255-87552e6e05b8e3aa.js       46.4 kB
  ├ chunks/4bd1b696-c023c6e3521b1417.js  54.2 kB
  └ other shared chunks (total)          1.92 kB


○  (Static)   prerendered as static content
ƒ  (Dynamic)  server-rendered on demand

